// Jest Snapshot v1, https://goo.gl/fbAQLP

exports[`FrontFinance Component renders correctly when URL is provided 1`] = `
<RCTSafeAreaView
  style={
    {
      "flex": 1,
    }
  }
  testID="front-finance-component"
>
  <View
    injectedJavaScript="
    window.postMessage('RNSDK@1.3.5', '*');

    if(window.parent) {
      window.parent.postMessage('RNSDK@1.3.5', '*');
    }
  "
    javaScriptEnabled={true}
    onMessage={[Function]}
    onNavigationStateChange={[Function]}
    source={
      {
        "uri": "https://web.getfront.com:443/b2b-iframe/01xs1-test",
      }
    }
    testID="webview"
  />
</RCTSafeAreaView>
`;
