// Jest Snapshot v1, https://goo.gl/fbAQLP

exports[`LinkConnect Component renders correctly when linkToken is provided 1`] = `
<View
  style={
    {
      "flex": 1,
    }
  }
  testID="link-connect-component"
>
  <RCTSafeAreaView
    style={
      {
        "backgroundColor": "#F3F4F5",
        "flex": 0,
      }
    }
  />
  <RCTSafeAreaView
    style={
      {
        "backgroundColor": "#FBFBFB",
        "flex": 1,
      }
    }
  >
    <View
      style={
        {
          "flex": 1,
        }
      }
    >
      <View
        style={
          {
            "backgroundColor": "#FBFBFB",
            "bottom": 0,
            "left": 0,
            "position": "absolute",
            "right": 0,
            "top": 0,
            "zIndex": 10,
          }
        }
      />
      <View
        bounces={false}
        cacheMode="LOAD_NO_CACHE"
        injectedJavaScript="
    window.meshSdkPlatform='reactNative';
    window.meshSdkVersion='2.1.19';
  "
        javaScriptEnabled={true}
        onLoadEnd={[Function]}
        onMessage={[Function]}
        onNavigationStateChange={[Function]}
        onShouldStartLoadWithRequest={[Function]}
        originWhitelist={
          [
            "*.meshconnect.com",
            "*.getfront.com",
            "*.walletconnect.com",
            "*.walletconnect.org",
            "*.walletlink.org",
            "*.coinbase.com",
            "*.okx.com",
            "*.gemini.com",
            "*.coinbase.com",
            "*.hcaptcha.com",
            "*.robinhood.com",
            "*.google.com",
            "https://meshconnect.com",
            "https://getfront.com",
            "https://walletconnect.com",
            "https://walletconnect.org",
            "https://walletlink.org",
            "https://coinbase.com",
            "https://okx.com",
            "https://gemini.com",
            "https://coinbase.com",
            "https://hcaptcha.com",
            "https://robinhood.com",
            "https://google.com",
            "https://front-web-platform-dev",
            "https://front-b2b-api-test.azurewebsites.net",
            "https://web.getfront.com",
            "https://web.meshconnect.com",
            "https://applink.robinhood.com",
            "https://m.stripe.network",
            "https://js.stripe.com",
            "https://app.usercentrics.eu",
            "robinhood://",
            "https://ramp.revolut.codes",
            "https://sso.revolut.codes",
            "https://ramp.revolut.com",
            "https://api.cb-device-intelligence.com",
          ]
        }
        source={
          {
            "uri": "https://web.getfront.com/b2b-iframe/test-account-random/broker-connect/catalog1?lng=en",
          }
        }
        startInLoadingState={true}
        style={
          {
            "backgroundColor": "#FBFBFB",
          }
        }
        testID="webview"
      />
    </View>
  </RCTSafeAreaView>
  <RCTSafeAreaView
    style={
      {
        "backgroundColor": "#FBFBFB",
        "flex": 0,
      }
    }
  />
</View>
`;
