// Jest Snapshot v1, https://goo.gl/fbAQLP

exports[`MeshConnect Component renders correctly when URL is provided 1`] = `
<RCTSafeAreaView
  style={
    {
      "flex": 1,
    }
  }
  testID="mesh-finance-component"
>
  <View
    javaScriptEnabled={true}
    onMessage={[Function]}
    onNavigationStateChange={[Function]}
    source={
      {
        "uri": "https://web.getfront.com:443/b2b-iframe/01xs1-test",
      }
    }
    testID="webview"
  />
</RCTSafeAreaView>
`;
