// Jest Snapshot v1, https://goo.gl/fbAQLP

exports[`SDKContainer renders correctly 1`] = `
<RCTSafeAreaView
  style={
    {
      "flex": 1,
    }
  }
  testID="link-connect-component"
>
  Test Content
</RCTSafeAreaView>
`;
